// Jest Snapshot v1, https://goo.gl/fbAQLP

exports[`Header should render header 1`] = `
<div>
  <div
    class="header"
  >
    <div
      class="logo"
    >
      <span>
        .
      </span>
      Coders
      <span>
        Camp
      </span>
    </div>
    <div
      class="activeCourseBox"
    >
      <p
        class="activeCourse"
      >
        dummyName
      </p>
      <div
        class="logout"
      >
        <svg
          aria-hidden="true"
          class="MuiSvgIcon-root"
          focusable="false"
          style="color: rgba(255, 255, 255, 0.6);"
          viewBox="0 0 24 24"
        >
          <path
            d="M13 3h-2v10h2V3zm4.83 2.17l-1.42 1.42C17.99 7.86 19 9.81 19 12c0 3.87-3.13 7-7 7s-7-3.13-7-7c0-2.19 1.01-4.14 2.58-5.42L6.17 5.17C4.23 6.82 3 9.26 3 12c0 4.97 4.03 9 9 9s9-4.03 9-9c0-2.74-1.23-5.18-3.17-6.83z"
          />
        </svg>
        <span>
           Log out
        </span>
      </div>
    </div>
  </div>
</div>
`;
